// Jest Snapshot v1, https://goo.gl/fbAQLP

exports[`prueba a counter app prueba snapshot 1`] = `
<div>
  <h1>
    CounterApp
  </h1>
  <h2>
    100
  </h2>
  <button>
    +1
  </button>
  <button
    aria-label="reset-btn"
  >
    -1
  </button>
  <button>
    Reset
  </button>
</div>
`;
