// Jest Snapshot v1, https://goo.gl/fbAQLP

exports[`prueba a FistApp debe hacer match con el snapshot 1`] = `
<div>
  <h1>
    Hola, soy un titulo
  </h1>
  <div
    data-testid="test-titulo"
  >
    Hola, soy un titulo
  </div>
  <p>
    1
  </p>
  <p>
    1
  </p>
  <p>
    1
  </p>
  <p>
    Este es un p√°rrafo.
  </p>
  <p>
    0
    1
    2
    3
    4
    5
    6
    7
    8
    9
  </p>
  <code>
    {"nombre":"Pepe","edad":35}
  </code>
  <p>
    5
  </p>
</div>
`;
